core_cm7.h:2606:26:ITM_SendChar	16	static,ignoring_inline_asm
main.c:86:5:main	16	static
main.c:190:6:SystemClock_Config	216	static
main.c:251:13:MX_USART3_UART_Init	8	static
main.c:286:13:MX_USB_OTG_FS_PCD_Init	8	static
main.c:321:13:MX_GPIO_Init	56	static
main.c:401:6:vSenderTask	24	static,ignoring_inline_asm
main.c:446:6:vReceiverTask	24	static
main.c:491:5:_write	32	static
main.c:509:6:StartDefaultTask	16	static
main.c:528:6:HAL_TIM_PeriodElapsedCallback	16	static
main.c:545:6:Error_Handler	4	static,ignoring_inline_asm
