core_cm7.h:2606:26:ITM_SendChar	16	static,ignoring_inline_asm
main.c:101:5:main	16	static
main.c:207:6:SystemClock_Config	216	static
main.c:268:13:MX_USART3_UART_Init	8	static
main.c:303:13:MX_USB_OTG_FS_PCD_Init	8	static
main.c:338:13:MX_GPIO_Init	56	static
main.c:419:6:vSenderTask	24	static,ignoring_inline_asm
main.c:461:6:vReceiverTask	24	static
main.c:512:5:_write	32	static
main.c:530:6:StartDefaultTask	16	static
main.c:549:6:HAL_TIM_PeriodElapsedCallback	16	static
main.c:566:6:Error_Handler	4	static,ignoring_inline_asm
